projects/amazon-trend-analyzer/qb_chunks/page_720_skip720000.csv
ASIN Buyability Flag,asin_status,CVR%,revenue,asp,units,gv,Images #,Videos #,Has A+ Content,Buybox Winner,Average Rating,Number of Ratings,bb_price,Ad CTR%,Ad CVR%,bsr,brand,Ad CPC$,ASIN (Description),Update Type,Sold By Amazon,Has Coupon?,Has Store Link?,In Stock Today?,category,Sellable On Hand Units,asin,date,Ad Cost,Ad Sales,Ad Clicks,Ad Impressions,Ad Conversions
In Stock,ACTIVE,0.167,11.0,11.37,1.0,6.0,8.0,0.0,False,,5.0,1.0,11.37,,,1438.0,Arm & Hammer,,B0F2GQ43C4 (Arm & Hammer 2-in-1 Shampoo & Conditioner - Value Size - 24 oz w/ Pump),[],True,True,True,False,Grooming,8.0,B0F2GQ43C4,2025-07-30,,,,,
In Stock,ACTIVE,0.0,,,,5.0,0.0,0.0,False,,5.0,1.0,11.33,,,1266.0,Arm & Hammer,,B0F2GQ43C4 (Arm & Hammer 2-in-1 Shampoo & Conditioner - Value Size - 24 oz w/ Pump),[],True,True,True,False,Grooming,8.0,B0F2GQ43C4,2025-07-29,,,,,
In Stock,ACTIVE,0.0,,,,7.0,0.0,0.0,False,,5.0,1.0,11.33,,,1067.0,Arm & Hammer,,B0F2GQ43C4 (Arm & Hammer 2-in-1 Shampoo & Conditioner - Value Size - 24 oz w/ Pump),[],True,True,True,False,Grooming,8.0,B0F2GQ43C4,2025-07-28,,,,,
In Stock,ACTIVE,0.0,,,,8.0,0.0,0.0,False,,5.0,1.0,11.36,,,1948.0,Arm & Hammer,,B0F2GQ43C4 (Arm & Hammer 2-in-1 Shampoo & Conditioner - Value Size - 24 oz w/ Pump),[],True,True,True,False,Grooming,8.0,B0F2GQ43C4,2025-07-27,,,,,
In Stock,ACTIVE,0.2,11.0,11.36,1.0,5.0,0.0,0.0,False,,5.0,1.0,11.36,,,1918.0,Arm & Hammer,,B0F2GQ43C4 (Arm & Hammer 2-in-1 Shampoo & Conditioner - Value Size - 24 oz w/ Pump),[],True,True,True,False,Grooming,8.0,B0F2GQ43C4,2025-07-26,,,,,
In Stock,ACTIVE,0.0,,,,3.0,0.0,0.0,False,,5.0,1.0,11.36,,,1890.0,Arm & Hammer,,B0F2GQ43C4 (Arm & Hammer 2-in-1 Shampoo & Conditioner - Value Size - 24 oz w/ Pump),[],True,True,True,False,Grooming,9.0,B0F2GQ43C4,2025-07-25,,,,,
In Stock,ACTIVE,,,,,,0.0,0.0,False,,5.0,1.0,11.36,,,1860.0,Arm & Hammer,,B0F2GQ43C4 (Arm & Hammer 2-in-1 Shampoo & Conditioner - Value Size - 24 oz w/ Pump),[],True,True,True,False,Grooming,9.0,B0F2GQ43C4,2025-07-24,,,,,
In Stock,ACTIVE,,,,,,0.0,0.0,False,,5.0,1.0,11.36,,,1828.0,Arm & Hammer,,B0F2GQ43C4 (Arm & Hammer 2-in-1 Shampoo & Conditioner - Value Size - 24 oz w/ Pump),[],True,True,True,False,Grooming,9.0,B0F2GQ43C4,2025-07-23,,,,,
In Stock,ACTIVE,,,,,0.0,0.0,0.0,False,,5.0,1.0,11.36,,,1787.0,Arm & Hammer,,B0F2GQ43C4 (Arm & Hammer 2-in-1 Shampoo & Conditioner - Value Size - 24 oz w/ Pump),[],True,True,True,False,Grooming,9.0,B0F2GQ43C4,2025-07-22,,,,,
In Stock,ACTIVE,,,,,0.0,0.0,0.0,False,,5.0,1.0,11.36,,,1762.0,Arm & Hammer,,B0F2GQ43C4 (Arm & Hammer 2-in-1 Shampoo & Conditioner - Value Size - 24 oz w/ Pump),[],True,True,True,False,Grooming,9.0,B0F2GQ43C4,2025-07-21,,,,,
In Stock,ACTIVE,,,,,,0.0,0.0,False,,5.0,1.0,11.46,,,1721.0,Arm & Hammer,,B0F2GQ43C4 (Arm & Hammer 2-in-1 Shampoo & Conditioner - Value Size - 24 oz w/ Pump),[],True,True,True,False,Grooming,9.0,B0F2GQ43C4,2025-07-20,,,,,
In Stock,ACTIVE,0.0,,,,2.0,0.0,0.0,False,,5.0,1.0,11.46,,,1658.0,Arm & Hammer,,B0F2GQ43C4 (Arm & Hammer 2-in-1 Shampoo & Conditioner - Value Size - 24 oz w/ Pump),[],True,True,True,False,Grooming,9.0,B0F2GQ43C4,2025-07-19,,,,,
In Stock,ACTIVE,0.0,,,,2.0,0.0,0.0,False,,5.0,1.0,11.46,,,1566.0,Arm & Hammer,,B0F2GQ43C4 (Arm & Hammer 2-in-1 Shampoo & Conditioner - Value Size - 24 oz w/ Pump),[],True,True,True,False,Grooming,9.0,B0F2GQ43C4,2025-07-18,,,,,
In Stock,ACTIVE,,,,,,0.0,0.0,False,,5.0,1.0,11.46,,,1482.0,Arm & Hammer,,B0F2GQ43C4 (Arm & Hammer 2-in-1 Shampoo & Conditioner - Value Size - 24 oz w/ Pump),[],True,True,True,False,Grooming,9.0,B0F2GQ43C4,2025-07-17,,,,,
In Stock,ACTIVE,,,,,,0.0,0.0,False,,5.0,1.0,11.46,,,1332.0,Arm & Hammer,,B0F2GQ43C4 (Arm & Hammer 2-in-1 Shampoo & Conditioner - Value Size - 24 oz w/ Pump),[],True,True,True,False,Grooming,9.0,B0F2GQ43C4,2025-07-16,,,,,
In Stock,ACTIVE,0.0,0.0,,0.0,1.0,8.0,0.0,False,,4.6,5243.0,11.46,,,1957.0,Arm & Hammer,,B0F2GQ43C4 (Arm & Hammer 2-in-1 Shampoo & Conditioner - Value Size - 24 oz w/ Pump),[],True,True,True,False,Grooming,10.0,B0F2GQ43C4,2025-07-14,,,,,
In Stock,ACTIVE,1.0,11.0,11.46,1.0,1.0,8.0,0.0,False,,4.6,5240.0,11.46,,,1898.0,Arm & Hammer,,B0F2GQ43C4 (Arm & Hammer 2-in-1 Shampoo & Conditioner - Value Size - 24 oz w/ Pump),[],True,True,True,False,Grooming,10.0,B0F2GQ43C4,2025-07-13,,,,,
In Stock,ACTIVE,,,,,,8.0,0.0,False,,4.6,5240.0,11.46,,,1877.0,Arm & Hammer,,B0F2GQ43C4 (Arm & Hammer 2-in-1 Shampoo & Conditioner - Value Size - 24 oz w/ Pump),[],True,True,True,False,Grooming,10.0,B0F2GQ43C4,2025-07-12,,,,,
In Stock,ACTIVE,,,,,,8.0,0.0,False,,4.6,5240.0,12.4,,,1893.0,Arm & Hammer,,B0F2GQ43C4 (Arm & Hammer 2-in-1 Shampoo & Conditioner - Value Size - 24 oz w/ Pump),[],True,True,True,False,Grooming,10.0,B0F2GQ43C4,2025-07-11,,,,,
In Stock,ACTIVE,,,,,0.0,8.0,0.0,False,,4.6,5239.0,12.4,,,1838.0,Arm & Hammer,,B0F2GQ43C4 (Arm & Hammer 2-in-1 Shampoo & Conditioner - Value Size - 24 oz w/ Pump),[],True,True,True,False,Grooming,10.0,B0F2GQ43C4,2025-07-10,,,,,
In Stock,ACTIVE,0.0,,,,1.0,8.0,0.0,False,,4.6,5236.0,12.4,,,1798.0,Arm & Hammer,,B0F2GQ43C4 (Arm & Hammer 2-in-1 Shampoo & Conditioner - Value Size - 24 oz w/ Pump),[],True,True,True,False,Grooming,10.0,B0F2GQ43C4,2025-07-09,,,,,
In Stock,ACTIVE,,,,,,8.0,0.0,False,,4.6,5235.0,12.4,,,1763.0,Arm & Hammer,,B0F2GQ43C4 (Arm & Hammer 2-in-1 Shampoo & Conditioner - Value Size - 24 oz w/ Pump),[],True,True,True,False,Grooming,10.0,B0F2GQ43C4,2025-07-08,,,,,
In Stock,ACTIVE,0.0,,,,1.0,8.0,0.0,False,,4.6,5233.0,12.4,,,1745.0,Arm & Hammer,,B0F2GQ43C4 (Arm & Hammer 2-in-1 Shampoo & Conditioner - Value Size - 24 oz w/ Pump),[],True,True,True,False,Grooming,10.0,B0F2GQ43C4,2025-07-07,,,,,
In Stock,ACTIVE,0.0,,,,1.0,8.0,0.0,False,,4.6,5232.0,12.4,,,1732.0,Arm & Hammer,,B0F2GQ43C4 (Arm & Hammer 2-in-1 Shampoo & Conditioner - Value Size - 24 oz w/ Pump),[],True,True,True,False,Grooming,10.0,B0F2GQ43C4,2025-07-06,,,,,
In Stock,ACTIVE,0.0,,,,1.0,8.0,0.0,False,,4.6,5231.0,12.4,,,1712.0,Arm & Hammer,,B0F2GQ43C4 (Arm & Hammer 2-in-1 Shampoo & Conditioner - Value Size - 24 oz w/ Pump),[],True,True,True,False,Grooming,10.0,B0F2GQ43C4,2025-07-05,,,,,
In Stock,ACTIVE,,,,,,8.0,0.0,False,,4.6,5227.0,12.4,,,1685.0,Arm & Hammer,,B0F2GQ43C4 (Arm & Hammer 2-in-1 Shampoo & Conditioner - Value Size - 24 oz w/ Pump),[],True,True,True,False,Grooming,10.0,B0F2GQ43C4,2025-07-04,,,,,
In Stock,ACTIVE,,,,,,8.0,0.0,False,,4.6,5218.0,12.45,,,1582.0,Arm & Hammer,,B0F2GQ43C4 (Arm & Hammer 2-in-1 Shampoo & Conditioner - Value Size - 24 oz w/ Pump),[],True,True,True,False,Grooming,10.0,B0F2GQ43C4,2025-07-01,,,,,
In Stock,ACTIVE,0.0,,,,1.0,8.0,0.0,False,,4.6,5216.0,12.45,,,1550.0,Arm & Hammer,,B0F2GQ43C4 (Arm & Hammer 2-in-1 Shampoo & Conditioner - Value Size - 24 oz w/ Pump),[],True,True,True,False,Grooming,10.0,B0F2GQ43C4,2025-06-30,,,,,
In Stock,ACTIVE,,,,,,8.0,0.0,False,,4.6,5215.0,11.99,,,1524.0,Arm & Hammer,,B0F2GQ43C4 (Arm & Hammer 2-in-1 Shampoo & Conditioner - Value Size - 24 oz w/ Pump),[],True,True,True,False,Grooming,10.0,B0F2GQ43C4,2025-06-29,,,,,
In Stock,ACTIVE,,,,,0.0,8.0,0.0,False,,4.6,5215.0,11.99,,,1476.0,Arm & Hammer,,B0F2GQ43C4 (Arm & Hammer 2-in-1 Shampoo & Conditioner - Value Size - 24 oz w/ Pump),[],True,True,True,False,Grooming,10.0,B0F2GQ43C4,2025-06-28,,,,,
In Stock,ACTIVE,,,,,,8.0,0.0,False,,4.6,5214.0,11.99,,,1416.0,Arm & Hammer,,B0F2GQ43C4 (Arm & Hammer 2-in-1 Shampoo & Conditioner - Value Size - 24 oz w/ Pump),[],True,True,True,False,Grooming,10.0,B0F2GQ43C4,2025-06-27,,,,,
In Stock,ACTIVE,0.0,,,,1.0,8.0,0.0,False,,4.6,5210.0,12.45,,,1249.0,Arm & Hammer,,B0F2GQ43C4 (Arm & Hammer 2-in-1 Shampoo & Conditioner - Value Size - 24 oz w/ Pump),[],True,True,True,False,Grooming,10.0,B0F2GQ43C4,2025-06-26,,,,,
In Stock,ACTIVE,,,,,0.0,8.0,0.0,False,,4.6,5209.0,9.99,,,1212.0,Arm & Hammer,,B0F2GQ43C4 (Arm & Hammer 2-in-1 Shampoo & Conditioner - Value Size - 24 oz w/ Pump),[],True,True,True,False,Grooming,10.0,B0F2GQ43C4,2025-06-25,,,,,
In Stock,ACTIVE,,,,,,8.0,0.0,False,,4.6,5208.0,9.99,,,1015.0,Arm & Hammer,,B0F2GQ43C4 (Arm & Hammer 2-in-1 Shampoo & Conditioner - Value Size - 24 oz w/ Pump),[],True,True,True,False,Grooming,10.0,B0F2GQ43C4,2025-06-24,,,,,
In Stock,ACTIVE,0.0,0.0,,0.0,2.0,8.0,6.0,False,,4.6,5208.0,9.99,,,1332.0,Arm & Hammer,,B0F2GQ43C4 (Arm & Hammer 2-in-1 Shampoo & Conditioner - Value Size - 24 oz w/ Pump),[],True,True,True,False,Grooming,10.0,B0F2GQ43C4,2025-06-23,,,,,
In Stock,ACTIVE,0.25,10.0,9.99,1.0,4.0,8.0,6.0,False,,4.6,5197.0,9.99,,,1252.0,Arm & Hammer,,B0F2GQ43C4 (Arm & Hammer 2-in-1 Shampoo & Conditioner - Value Size - 24 oz w/ Pump),[],True,True,True,False,Grooming,11.0,B0F2GQ43C4,2025-06-19,,,,,
In Stock,ACTIVE,0.0,,,,1.0,8.0,6.0,False,,4.6,5197.0,9.99,,,1356.0,Arm & Hammer,,B0F2GQ43C4 (Arm & Hammer 2-in-1 Shampoo & Conditioner - Value Size - 24 oz w/ Pump),[],True,True,True,False,Grooming,12.0,B0F2GQ43C4,2025-06-18,,,,,
In Stock,ACTIVE,0.0,,,,1.0,4.0,6.0,False,,4.6,5179.0,9.99,,,1034.0,Arm & Hammer,,B0F2GQ43C4 (Arm & Hammer 2-in-1 Shampoo & Conditioner - Value Size - 24 oz w/ Pump),[],True,False,True,False,Grooming,14.0,B0F2GQ43C4,2025-06-11,,,,,
In Stock,ACTIVE,0.0,0.0,,0.0,3.0,4.0,6.0,False,,4.6,5178.0,9.99,,,1106.0,Arm & Hammer,,B0F2GQ43C4 (Arm & Hammer 2-in-1 Shampoo & Conditioner - Value Size - 24 oz w/ Pump),[],True,False,True,False,Grooming,14.0,B0F2GQ43C4,2025-06-10,,,,,
In Stock,ACTIVE,0.111,10.0,9.99,1.0,9.0,4.0,6.0,False,,4.6,5177.0,9.99,,,1404.0,Arm & Hammer,,B0F2GQ43C4 (Arm & Hammer 2-in-1 Shampoo & Conditioner - Value Size - 24 oz w/ Pump),[],True,False,True,False,Grooming,15.0,B0F2GQ43C4,2025-06-09,,,,,
In Stock,ACTIVE,0.083,10.0,9.99,1.0,12.0,4.0,6.0,False,,4.6,5175.0,9.99,,,1327.0,Arm & Hammer,,B0F2GQ43C4 (Arm & Hammer 2-in-1 Shampoo & Conditioner - Value Size - 24 oz w/ Pump),[],True,False,True,False,Grooming,15.0,B0F2GQ43C4,2025-06-08,,,,,
In Stock,ACTIVE,0.167,10.0,9.99,1.0,6.0,4.0,6.0,False,,4.6,5172.0,9.99,,,1279.0,Arm & Hammer,,B0F2GQ43C4 (Arm & Hammer 2-in-1 Shampoo & Conditioner - Value Size - 24 oz w/ Pump),[],True,False,True,False,Grooming,17.0,B0F2GQ43C4,2025-06-07,,,,,
In Stock,ACTIVE,0.0,,,,4.0,4.0,6.0,False,,4.6,5170.0,9.99,,,1093.0,Arm & Hammer,,B0F2GQ43C4 (Arm & Hammer 2-in-1 Shampoo & Conditioner - Value Size - 24 oz w/ Pump),[],True,False,True,False,Grooming,18.0,B0F2GQ43C4,2025-06-06,,,,,
In Stock,ACTIVE,0.0,0.0,,0.0,3.0,4.0,6.0,False,,4.6,5169.0,9.99,,,1456.0,Arm & Hammer,,B0F2GQ43C4 (Arm & Hammer 2-in-1 Shampoo & Conditioner - Value Size - 24 oz w/ Pump),[],True,False,True,False,Grooming,18.0,B0F2GQ43C4,2025-06-05,,,,,
In Stock,ACTIVE,0.2,10.0,9.99,1.0,5.0,4.0,6.0,False,,4.6,5165.0,9.99,,,1360.0,Arm & Hammer,,B0F2GQ43C4 (Arm & Hammer 2-in-1 Shampoo & Conditioner - Value Size - 24 oz w/ Pump),[],True,False,True,False,Grooming,19.0,B0F2GQ43C4,2025-06-04,,,,,
In Stock,ACTIVE,0.0,,,,9.0,4.0,6.0,False,,4.6,5165.0,9.99,,,1241.0,Arm & Hammer,,B0F2GQ43C4 (Arm & Hammer 2-in-1 Shampoo & Conditioner - Value Size - 24 oz w/ Pump),[],True,False,True,False,Grooming,22.0,B0F2GQ43C4,2025-06-03,,,,,
In Stock,ACTIVE,0.0,,,,6.0,4.0,6.0,False,,4.6,5161.0,9.99,,,1075.0,Arm & Hammer,,B0F2GQ43C4 (Arm & Hammer 2-in-1 Shampoo & Conditioner - Value Size - 24 oz w/ Pump),[],True,False,True,False,Grooming,25.0,B0F2GQ43C4,2025-06-02,,,,,
In Stock,ACTIVE,0.0,0.0,,0.0,8.0,4.0,0.0,False,,4.6,5157.0,9.99,,,1548.0,Arm & Hammer,,B0F2GQ43C4 (Arm & Hammer 2-in-1 Shampoo & Conditioner - Value Size - 24 oz w/ Pump),[],True,False,True,False,Grooming,30.0,B0F2GQ43C4,2025-06-01,,,,,
In Stock,ACTIVE,0.125,10.0,9.99,1.0,8.0,4.0,6.0,False,,4.6,5153.0,9.99,,,1490.0,Arm & Hammer,,B0F2GQ43C4 (Arm & Hammer 2-in-1 Shampoo & Conditioner - Value Size - 24 oz w/ Pump),[],True,False,True,False,Grooming,30.0,B0F2GQ43C4,2025-05-31,,,,,
In Stock,ACTIVE,0.0,,,,6.0,4.0,6.0,False,,4.6,5150.0,9.99,,,1423.0,Arm & Hammer,,B0F2GQ43C4 (Arm & Hammer 2-in-1 Shampoo & Conditioner - Value Size - 24 oz w/ Pump),[],True,False,True,False,Grooming,31.0,B0F2GQ43C4,2025-05-30,,,,,
In Stock,ACTIVE,0.0,,,,2.0,4.0,6.0,False,,4.6,5148.0,9.99,,,1331.0,Arm & Hammer,,B0F2GQ43C4 (Arm & Hammer 2-in-1 Shampoo & Conditioner - Value Size - 24 oz w/ Pump),[],True,False,True,False,Grooming,31.0,B0F2GQ43C4,2025-05-29,,,,,
In Stock,ACTIVE,0.0,0.0,,0.0,2.0,4.0,6.0,False,,4.6,5144.0,9.99,,,990.0,Arm & Hammer,,B0F2GQ43C4 (Arm & Hammer 2-in-1 Shampoo & Conditioner - Value Size - 24 oz w/ Pump),[],True,False,True,False,Grooming,31.0,B0F2GQ43C4,2025-05-28,,,,,
In Stock,ACTIVE,0.0,0.0,,0.0,4.0,4.0,6.0,False,,4.6,5139.0,9.99,,,990.0,Arm & Hammer,,B0F2GQ43C4 (Arm & Hammer 2-in-1 Shampoo & Conditioner - Value Size - 24 oz w/ Pump),[],True,False,True,False,Grooming,31.0,B0F2GQ43C4,2025-05-27,,,,,
In Stock,ACTIVE,0.0,0.0,,0.0,2.0,4.0,6.0,False,,4.6,5139.0,9.99,,,1311.0,Arm & Hammer,,B0F2GQ43C4 (Arm & Hammer 2-in-1 Shampoo & Conditioner - Value Size - 24 oz w/ Pump),[],True,False,True,False,Grooming,31.0,B0F2GQ43C4,2025-05-26,,,,,
In Stock,ACTIVE,0.143,10.0,9.99,1.0,7.0,4.0,6.0,False,,4.6,5134.0,9.99,,,1190.0,Arm & Hammer,,B0F2GQ43C4 (Arm & Hammer 2-in-1 Shampoo & Conditioner - Value Size - 24 oz w/ Pump),[],True,False,True,False,Grooming,36.0,B0F2GQ43C4,2025-05-25,,,,,
In Stock,ACTIVE,0.0,0.0,,0.0,8.0,4.0,6.0,False,,4.6,5131.0,9.99,,,972.0,Arm & Hammer,,B0F2GQ43C4 (Arm & Hammer 2-in-1 Shampoo & Conditioner - Value Size - 24 oz w/ Pump),[],True,False,True,False,Grooming,62.0,B0F2GQ43C4,2025-05-24,,,,,
In Stock,ACTIVE,0.0,0.0,,0.0,3.0,4.0,6.0,False,,4.6,5129.0,9.99,,,1224.0,Arm & Hammer,,B0F2GQ43C4 (Arm & Hammer 2-in-1 Shampoo & Conditioner - Value Size - 24 oz w/ Pump),[],True,False,True,False,Grooming,63.0,B0F2GQ43C4,2025-05-23,,,,,
In Stock,ACTIVE,0.333,10.0,9.99,1.0,3.0,4.0,6.0,False,,4.6,5130.0,9.99,,,1061.0,Arm & Hammer,,B0F2GQ43C4 (Arm & Hammer 2-in-1 Shampoo & Conditioner - Value Size - 24 oz w/ Pump),[],True,False,True,False,Grooming,65.0,B0F2GQ43C4,2025-05-22,,,,,
In Stock,ACTIVE,0.0,0.0,,0.0,6.0,4.0,6.0,False,,4.6,5128.0,9.99,,,1403.0,Arm & Hammer,,B0F2GQ43C4 (Arm & Hammer 2-in-1 Shampoo & Conditioner - Value Size - 24 oz w/ Pump),[],True,False,True,False,Grooming,65.0,B0F2GQ43C4,2025-05-21,,,,,
In Stock,ACTIVE,0.25,10.0,9.99,1.0,4.0,4.0,6.0,False,,4.6,5125.0,9.99,,,1300.0,Arm & Hammer,,B0F2GQ43C4 (Arm & Hammer 2-in-1 Shampoo & Conditioner - Value Size - 24 oz w/ Pump),[],True,False,True,False,Grooming,65.0,B0F2GQ43C4,2025-05-20,,,,,
In Stock,ACTIVE,0.0,,,,1.0,4.0,6.0,False,,4.6,5124.0,9.99,,,1168.0,Arm & Hammer,,B0F2GQ43C4 (Arm & Hammer 2-in-1 Shampoo & Conditioner - Value Size - 24 oz w/ Pump),[],True,False,True,False,Grooming,65.0,B0F2GQ43C4,2025-05-19,,,,,
In Stock,ACTIVE,0.0,,,,4.0,4.0,6.0,False,,4.6,5122.0,9.99,,,998.0,Arm & Hammer,,B0F2GQ43C4 (Arm & Hammer 2-in-1 Shampoo & Conditioner - Value Size - 24 oz w/ Pump),[],True,False,True,False,Grooming,65.0,B0F2GQ43C4,2025-05-18,,,,,
In Stock,ACTIVE,0.0,0.0,,0.0,5.0,4.0,6.0,False,,4.6,5122.0,9.99,,,796.0,Arm & Hammer,,B0F2GQ43C4 (Arm & Hammer 2-in-1 Shampoo & Conditioner - Value Size - 24 oz w/ Pump),[],True,False,True,False,Grooming,65.0,B0F2GQ43C4,2025-05-17,,,,,
In Stock,ACTIVE,0.0,0.0,,0.0,2.0,4.0,6.0,False,,4.6,5121.0,9.99,,,1210.0,Arm & Hammer,,B0F2GQ43C4 (Arm & Hammer 2-in-1 Shampoo & Conditioner - Value Size - 24 oz w/ Pump),[],True,False,True,True,Grooming,70.0,B0F2GQ43C4,2025-05-16,,,,,
In Stock,ACTIVE,0.667,20.0,9.99,2.0,3.0,4.0,6.0,False,,4.6,5121.0,9.99,,,996.0,Arm & Hammer,,B0F2GQ43C4 (Arm & Hammer 2-in-1 Shampoo & Conditioner - Value Size - 24 oz w/ Pump),[],True,False,True,True,Grooming,66.0,B0F2GQ43C4,2025-05-15,,,,,
In Stock,ACTIVE,0.0,0.0,,0.0,7.0,4.0,6.0,False,,4.6,5120.0,9.99,,,757.0,Arm & Hammer,,B0F2GQ43C4 (Arm & Hammer 2-in-1 Shampoo & Conditioner - Value Size - 24 oz w/ Pump),[],True,False,True,True,Grooming,66.0,B0F2GQ43C4,2025-05-14,,,,,
In Stock,ACTIVE,0.5,10.0,9.99,1.0,2.0,4.0,6.0,False,,4.6,5117.0,9.99,,,1147.0,Arm & Hammer,,B0F2GQ43C4 (Arm & Hammer 2-in-1 Shampoo & Conditioner - Value Size - 24 oz w/ Pump),[],True,False,True,True,Grooming,67.0,B0F2GQ43C4,2025-05-13,,,,,
In Stock,ACTIVE,0.0,0.0,,0.0,1.0,4.0,6.0,False,,4.6,5115.0,9.99,,,794.0,Arm & Hammer,,B0F2GQ43C4 (Arm & Hammer 2-in-1 Shampoo & Conditioner - Value Size - 24 oz w/ Pump),[],True,False,True,True,Grooming,67.0,B0F2GQ43C4,2025-05-12,,,,,
In Stock,ACTIVE,0.2,10.0,9.99,1.0,5.0,4.0,6.0,False,,4.6,5115.0,9.99,,,1472.0,Arm & Hammer,,B0F2GQ43C4 (Arm & Hammer 2-in-1 Shampoo & Conditioner - Value Size - 24 oz w/ Pump),[],True,False,True,True,Grooming,68.0,B0F2GQ43C4,2025-05-11,,,,,
In Stock,ACTIVE,0.0,,,,1.0,4.0,6.0,False,,4.6,5115.0,9.99,,,1355.0,Arm & Hammer,,B0F2GQ43C4 (Arm & Hammer 2-in-1 Shampoo & Conditioner - Value Size - 24 oz w/ Pump),[],True,False,True,True,Grooming,74.0,B0F2GQ43C4,2025-05-10,,,,,
In Stock,ACTIVE,0.0,,,,6.0,4.0,6.0,False,,4.6,5114.0,9.99,,,1220.0,Arm & Hammer,,B0F2GQ43C4 (Arm & Hammer 2-in-1 Shampoo & Conditioner - Value Size - 24 oz w/ Pump),[],True,False,True,True,Grooming,68.0,B0F2GQ43C4,2025-05-09,,,,,
In Stock,ACTIVE,0.0,,,,2.0,4.0,6.0,False,,4.6,5112.0,9.99,,,1015.0,Arm & Hammer,,B0F2GQ43C4 (Arm & Hammer 2-in-1 Shampoo & Conditioner - Value Size - 24 oz w/ Pump),[],True,False,True,True,Grooming,68.0,B0F2GQ43C4,2025-05-08,,,,,
In Stock,ACTIVE,,,,,,7.0,0.0,False,,4.5,206.0,6.99,,,2.0,Arm & Hammer,,B0F2GWKLVL (Arm & Hammer Odor Control No-Rinse Foam - Value Size - 16 oz),[],True,True,True,True,Grooming,,B0F2GWKLVL,2026-05-15,,,,,
In Stock,ACTIVE,,7.0,6.99,1.0,,7.0,0.0,False,,4.5,205.0,6.99,,,2.0,Arm & Hammer,,B0F2GWKLVL (Arm & Hammer Odor Control No-Rinse Foam - Value Size - 16 oz),[],True,True,True,True,Grooming,,B0F2GWKLVL,2026-05-14,,,,,
In Stock,ACTIVE,,49.0,6.99,7.0,,7.0,0.0,False,,4.5,205.0,6.99,,,2.0,Arm & Hammer,,B0F2GWKLVL (Arm & Hammer Odor Control No-Rinse Foam - Value Size - 16 oz),[],True,True,True,True,Grooming,,B0F2GWKLVL,2026-05-13,,,,,
