projects/amazon-trend-analyzer/qb_chunks/page_720_skip720000.csv
ASIN Buyability Flag,asin_status,CVR%,revenue,asp,units,gv,Images #,Videos #,Has A+ Content,Buybox Winner,Average Rating,Number of Ratings,bb_price,Ad CTR%,Ad CVR%,bsr,brand,Ad CPC$,ASIN (Description),Update Type,Sold By Amazon,Has Coupon?,Has Store Link?,In Stock Today?,category,Sellable On Hand Units,asin,date,Ad Cost,Ad Sales,Ad Clicks,Ad Impressions,Ad Conversions
In Stock,ACTIVE,,56.0,6.99,8.0,,7.0,0.0,False,,4.5,205.0,6.99,,,2.0,Arm & Hammer,,B0F2GWKLVL (Arm & Hammer Odor Control No-Rinse Foam - Value Size - 16 oz),[],True,True,True,True,Grooming,,B0F2GWKLVL,2026-05-12,,,,,
In Stock,ACTIVE,0.167,7.0,6.99,1.0,6.0,7.0,0.0,False,,4.5,204.0,6.99,,,2.0,Arm & Hammer,,B0F2GWKLVL (Arm & Hammer Odor Control No-Rinse Foam - Value Size - 16 oz),[],True,True,True,True,Grooming,145.0,B0F2GWKLVL,2026-05-11,,,,,
In Stock,ACTIVE,0.667,56.0,6.99,8.0,12.0,7.0,0.0,False,,4.5,204.0,6.99,,,2.0,Arm & Hammer,,B0F2GWKLVL (Arm & Hammer Odor Control No-Rinse Foam - Value Size - 16 oz),[],True,True,True,True,Grooming,152.0,B0F2GWKLVL,2026-05-10,,,,,
In Stock,ACTIVE,0.267,28.0,6.99,4.0,15.0,7.0,0.0,False,,4.5,204.0,6.99,,,2.0,Arm & Hammer,,B0F2GWKLVL (Arm & Hammer Odor Control No-Rinse Foam - Value Size - 16 oz),[],True,True,True,True,Grooming,159.0,B0F2GWKLVL,2026-05-09,,,,,
In Stock,ACTIVE,0.053,7.0,7.01,1.0,19.0,7.0,0.0,False,,4.5,203.0,7.01,,,2.0,Arm & Hammer,,B0F2GWKLVL (Arm & Hammer Odor Control No-Rinse Foam - Value Size - 16 oz),[],True,True,True,True,Grooming,160.0,B0F2GWKLVL,2026-05-07,,,,,
In Stock,ACTIVE,0.267,28.0,7.01,4.0,15.0,7.0,0.0,False,,4.5,203.0,7.01,,,2.0,Arm & Hammer,,B0F2GWKLVL (Arm & Hammer Odor Control No-Rinse Foam - Value Size - 16 oz),[],True,True,True,True,Grooming,158.0,B0F2GWKLVL,2026-05-06,,,,,
In Stock,ACTIVE,0.333,35.0,6.99,5.0,15.0,7.0,0.0,False,,4.5,203.0,6.99,,,3.0,Arm & Hammer,,B0F2GWKLVL (Arm & Hammer Odor Control No-Rinse Foam - Value Size - 16 oz),[],True,True,True,True,Grooming,170.0,B0F2GWKLVL,2026-05-05,,,,,
In Stock,ACTIVE,0.5329999999999999,55.0,6.89,8.0,15.0,7.0,0.0,False,,4.5,202.0,6.86,,,3.0,Arm & Hammer,,B0F2GWKLVL (Arm & Hammer Odor Control No-Rinse Foam - Value Size - 16 oz),[],True,True,True,True,Grooming,186.0,B0F2GWKLVL,2026-05-04,,,,,
In Stock,ACTIVE,0.105,14.0,6.86,2.0,19.0,7.0,0.0,False,,4.5,202.0,6.86,,,3.0,Arm & Hammer,,B0F2GWKLVL (Arm & Hammer Odor Control No-Rinse Foam - Value Size - 16 oz),[],True,True,True,True,Grooming,191.0,B0F2GWKLVL,2026-05-03,,,,,
In Stock,ACTIVE,0.0,0.0,,0.0,8.0,7.0,0.0,False,,4.5,201.0,6.86,,,3.0,Arm & Hammer,,B0F2GWKLVL (Arm & Hammer Odor Control No-Rinse Foam - Value Size - 16 oz),[],True,True,True,True,Grooming,174.0,B0F2GWKLVL,2026-05-02,,,,,
In Stock,ACTIVE,0.5,41.0,6.86,6.0,12.0,7.0,0.0,False,,4.5,201.0,6.86,,,3.0,Arm & Hammer,,B0F2GWKLVL (Arm & Hammer Odor Control No-Rinse Foam - Value Size - 16 oz),[],True,True,True,True,Grooming,180.0,B0F2GWKLVL,2026-05-01,,,,,
In Stock,ACTIVE,0.2,7.0,6.99,1.0,5.0,7.0,0.0,False,,4.5,201.0,6.99,,,3.0,Arm & Hammer,,B0F2GWKLVL (Arm & Hammer Odor Control No-Rinse Foam - Value Size - 16 oz),[],True,True,True,True,Grooming,180.0,B0F2GWKLVL,2026-04-30,,,,,
In Stock,ACTIVE,0.364,28.0,6.99,4.0,11.0,7.0,0.0,False,,4.5,200.0,6.99,,,3.0,Arm & Hammer,,B0F2GWKLVL (Arm & Hammer Odor Control No-Rinse Foam - Value Size - 16 oz),[],True,True,True,True,Grooming,184.0,B0F2GWKLVL,2026-04-28,,,,,
In Stock,ACTIVE,0.125,7.0,6.99,1.0,8.0,7.0,0.0,False,,4.5,200.0,6.99,,,3.0,Arm & Hammer,,B0F2GWKLVL (Arm & Hammer Odor Control No-Rinse Foam - Value Size - 16 oz),[],True,True,True,True,Grooming,191.0,B0F2GWKLVL,2026-04-27,,,,,
In Stock,ACTIVE,0.105,14.0,6.99,2.0,19.0,7.0,0.0,False,,4.5,200.0,6.99,,,3.0,Arm & Hammer,,B0F2GWKLVL (Arm & Hammer Odor Control No-Rinse Foam - Value Size - 16 oz),[],True,True,True,True,Grooming,190.0,B0F2GWKLVL,2026-04-26,,,,,
In Stock,ACTIVE,0.2,14.0,6.99,2.0,10.0,7.0,0.0,False,,4.5,199.0,6.99,,,3.0,Arm & Hammer,,B0F2GWKLVL (Arm & Hammer Odor Control No-Rinse Foam - Value Size - 16 oz),[],True,True,True,True,Grooming,173.0,B0F2GWKLVL,2026-04-25,,,,,
In Stock,ACTIVE,0.063,7.0,6.99,1.0,16.0,7.0,0.0,False,,4.5,199.0,6.99,,,3.0,Arm & Hammer,,B0F2GWKLVL (Arm & Hammer Odor Control No-Rinse Foam - Value Size - 16 oz),[],True,True,True,True,Grooming,182.0,B0F2GWKLVL,2026-04-24,,,,,
In Stock,ACTIVE,0.2,7.0,6.99,1.0,5.0,7.0,0.0,False,,4.5,193.0,6.99,,,3.0,Arm & Hammer,,B0F2GWKLVL (Arm & Hammer Odor Control No-Rinse Foam - Value Size - 16 oz),[],True,True,True,True,Grooming,122.0,B0F2GWKLVL,2026-04-15,,,,,
In Stock,ACTIVE,0.333,7.0,7.09,1.0,3.0,7.0,0.0,False,,4.5,191.0,8.27,,,3.0,Arm & Hammer,,B0F2GWKLVL (Arm & Hammer Odor Control No-Rinse Foam - Value Size - 16 oz),[],True,True,True,True,Grooming,106.0,B0F2GWKLVL,2026-04-13,,,,,
In Stock,ACTIVE,0.4,14.0,6.99,2.0,5.0,7.0,0.0,False,,4.5,187.0,6.03,,,48.0,Arm & Hammer,,B0F2GWKLVL (Arm & Hammer Odor Control No-Rinse Foam - Value Size - 16 oz),[],True,False,True,True,Grooming,23.0,B0F2GWKLVL,2026-03-26,,,,,
In Stock,ACTIVE,1.333,28.0,6.99,4.0,3.0,7.0,0.0,False,,4.5,187.0,6.99,,,52.0,Arm & Hammer,,B0F2GWKLVL (Arm & Hammer Odor Control No-Rinse Foam - Value Size - 16 oz),[],True,True,True,True,Grooming,25.0,B0F2GWKLVL,2026-03-25,,,,,
In Stock,ACTIVE,,7.0,6.99,1.0,,7.0,0.0,False,,4.5,185.0,6.99,,,45.0,Arm & Hammer,,B0F2GWKLVL (Arm & Hammer Odor Control No-Rinse Foam - Value Size - 16 oz),[],True,True,True,True,Grooming,23.0,B0F2GWKLVL,2026-03-15,,,,,
In Stock,ACTIVE,0.429,21.0,6.99,3.0,7.0,7.0,0.0,False,,4.5,185.0,6.99,,,49.0,Arm & Hammer,,B0F2GWKLVL (Arm & Hammer Odor Control No-Rinse Foam - Value Size - 16 oz),[],True,True,True,True,Grooming,21.0,B0F2GWKLVL,2026-03-14,,,,,
In Stock,ACTIVE,0.167,7.0,6.99,1.0,6.0,7.0,0.0,False,,4.5,183.0,6.99,,,42.0,Arm & Hammer,,B0F2GWKLVL (Arm & Hammer Odor Control No-Rinse Foam - Value Size - 16 oz),[],True,True,True,True,Grooming,55.0,B0F2GWKLVL,2026-03-13,,,,,
In Stock,ACTIVE,0.667,14.0,6.99,2.0,3.0,7.0,0.0,False,,4.5,182.0,6.99,,,52.0,Arm & Hammer,,B0F2GWKLVL (Arm & Hammer Odor Control No-Rinse Foam - Value Size - 16 oz),[],True,True,True,True,Grooming,52.0,B0F2GWKLVL,2026-03-12,,,,,
In Stock,ACTIVE,0.333,7.0,6.99,1.0,3.0,7.0,0.0,False,,4.5,181.0,6.99,,,45.0,Arm & Hammer,,B0F2GWKLVL (Arm & Hammer Odor Control No-Rinse Foam - Value Size - 16 oz),[],True,True,True,True,Grooming,5.0,B0F2GWKLVL,2026-03-10,,,,,
In Stock,ACTIVE,1.0,7.0,6.99,1.0,1.0,7.0,0.0,False,,4.5,181.0,7.66,,,40.0,Arm & Hammer,,B0F2GWKLVL (Arm & Hammer Odor Control No-Rinse Foam - Value Size - 16 oz),[],True,True,True,True,Grooming,11.0,B0F2GWKLVL,2026-03-09,,,,,
In Stock,ACTIVE,0.222,31.0,7.66,4.0,18.0,7.0,0.0,False,,4.5,181.0,7.66,,,47.0,Arm & Hammer,,B0F2GWKLVL (Arm & Hammer Odor Control No-Rinse Foam - Value Size - 16 oz),[],True,True,True,True,Grooming,21.0,B0F2GWKLVL,2026-03-08,,,,,
In Stock,ACTIVE,0.7140000000000001,38.0,7.66,5.0,7.0,7.0,0.0,False,,4.5,181.0,7.66,,,49.0,Arm & Hammer,,B0F2GWKLVL (Arm & Hammer Odor Control No-Rinse Foam - Value Size - 16 oz),[],True,True,True,True,Grooming,17.0,B0F2GWKLVL,2026-03-07,,,,,
In Stock,ACTIVE,0.222,15.0,7.66,2.0,9.0,7.0,0.0,False,,4.5,181.0,7.66,,,46.0,Arm & Hammer,,B0F2GWKLVL (Arm & Hammer Odor Control No-Rinse Foam - Value Size - 16 oz),[],True,True,True,True,Grooming,16.0,B0F2GWKLVL,2026-03-06,,,,,
In Stock,ACTIVE,0.0,0.0,,0.0,3.0,7.0,0.0,False,,4.5,181.0,7.66,,,39.0,Arm & Hammer,,B0F2GWKLVL (Arm & Hammer Odor Control No-Rinse Foam - Value Size - 16 oz),[],True,True,True,True,Grooming,11.0,B0F2GWKLVL,2026-03-05,,,,,
In Stock,ACTIVE,0.0,0.0,,0.0,4.0,7.0,0.0,False,,4.5,181.0,7.66,,,47.0,Arm & Hammer,,B0F2GWKLVL (Arm & Hammer Odor Control No-Rinse Foam - Value Size - 16 oz),[],True,True,True,True,Grooming,12.0,B0F2GWKLVL,2026-03-04,,,,,
In Stock,ACTIVE,1.0,46.0,7.66,6.0,6.0,7.0,0.0,False,,4.5,180.0,7.66,,,49.0,Arm & Hammer,,B0F2GWKLVL (Arm & Hammer Odor Control No-Rinse Foam - Value Size - 16 oz),[],True,True,True,True,Grooming,14.0,B0F2GWKLVL,2026-03-03,,,,,
In Stock,ACTIVE,0.5,8.0,7.66,1.0,2.0,7.0,0.0,False,,4.5,180.0,7.66,,,50.0,Arm & Hammer,,B0F2GWKLVL (Arm & Hammer Odor Control No-Rinse Foam - Value Size - 16 oz),[],True,True,True,True,Grooming,15.0,B0F2GWKLVL,2026-03-02,,,,,
In Stock,ACTIVE,0.167,15.0,7.66,2.0,12.0,7.0,0.0,False,,4.5,180.0,7.66,,,45.0,Arm & Hammer,,B0F2GWKLVL (Arm & Hammer Odor Control No-Rinse Foam - Value Size - 16 oz),[],True,True,True,True,Grooming,16.0,B0F2GWKLVL,2026-03-01,,,,,
In Stock,ACTIVE,0.143,8.0,7.66,1.0,7.0,7.0,0.0,False,,4.5,179.0,7.66,,,37.0,Arm & Hammer,,B0F2GWKLVL (Arm & Hammer Odor Control No-Rinse Foam - Value Size - 16 oz),[],True,True,True,True,Grooming,16.0,B0F2GWKLVL,2026-02-28,,,,,
In Stock,ACTIVE,0.0,0.0,,0.0,4.0,7.0,0.0,False,,4.5,176.0,9.93,,,50.0,Arm & Hammer,,B0F2GWKLVL (Arm & Hammer Odor Control No-Rinse Foam - Value Size - 16 oz),[],True,True,True,False,Grooming,40.0,B0F2GWKLVL,2026-02-09,,,,,
In Stock,ACTIVE,0.25,20.0,9.92,2.0,8.0,7.0,0.0,False,,4.5,176.0,9.92,,,53.0,Arm & Hammer,,B0F2GWKLVL (Arm & Hammer Odor Control No-Rinse Foam - Value Size - 16 oz),[],True,True,True,False,Grooming,41.0,B0F2GWKLVL,2026-02-08,,,,,
In Stock,ACTIVE,0.25,20.0,9.81,2.0,8.0,7.0,0.0,False,,4.5,175.0,9.86,,,52.0,Arm & Hammer,,B0F2GWKLVL (Arm & Hammer Odor Control No-Rinse Foam - Value Size - 16 oz),[],True,True,True,False,Grooming,42.0,B0F2GWKLVL,2026-02-07,,,,,
In Stock,ACTIVE,0.0,0.0,,0.0,4.0,7.0,0.0,False,,4.5,174.0,9.86,,,55.0,Arm & Hammer,,B0F2GWKLVL (Arm & Hammer Odor Control No-Rinse Foam - Value Size - 16 oz),[],True,True,True,False,Grooming,44.0,B0F2GWKLVL,2026-02-06,,,,,
In Stock,ACTIVE,0.429,30.0,9.9,3.0,7.0,7.0,0.0,False,,4.5,173.0,9.9,,,66.0,Arm & Hammer,,B0F2GWKLVL (Arm & Hammer Odor Control No-Rinse Foam - Value Size - 16 oz),[],True,True,True,False,Grooming,45.0,B0F2GWKLVL,2026-02-05,,,,,
In Stock,ACTIVE,1.0,30.0,9.9,3.0,3.0,7.0,0.0,False,,4.5,173.0,9.87,,,63.0,Arm & Hammer,,B0F2GWKLVL (Arm & Hammer Odor Control No-Rinse Foam - Value Size - 16 oz),[],True,True,True,False,Grooming,49.0,B0F2GWKLVL,2026-02-04,,,,,
In Stock,ACTIVE,0.0,0.0,,0.0,3.0,7.0,0.0,False,,4.5,172.0,9.87,,,67.0,Arm & Hammer,,B0F2GWKLVL (Arm & Hammer Odor Control No-Rinse Foam - Value Size - 16 oz),[],True,True,True,False,Grooming,50.0,B0F2GWKLVL,2026-02-03,,,,,
In Stock,ACTIVE,0.091,10.0,9.87,1.0,11.0,7.0,0.0,False,,4.5,172.0,9.87,,,70.0,Arm & Hammer,,B0F2GWKLVL (Arm & Hammer Odor Control No-Rinse Foam - Value Size - 16 oz),[],True,True,True,False,Grooming,51.0,B0F2GWKLVL,2026-02-02,,,,,
In Stock,ACTIVE,0.0,0.0,,0.0,5.0,21.0,0.0,False,,4.5,172.0,9.87,,,73.0,Arm & Hammer,,B0F2GWKLVL (Arm & Hammer Odor Control No-Rinse Foam - Value Size - 16 oz),[],True,True,True,False,Grooming,51.0,B0F2GWKLVL,2026-02-01,,,,,
In Stock,ACTIVE,1.0,20.0,9.86,2.0,2.0,7.0,0.0,False,,4.5,172.0,9.86,,,69.0,Arm & Hammer,,B0F2GWKLVL (Arm & Hammer Odor Control No-Rinse Foam - Value Size - 16 oz),[],True,True,True,False,Grooming,52.0,B0F2GWKLVL,2026-01-31,,,,,
In Stock,ACTIVE,0.0,0.0,,0.0,3.0,7.0,0.0,False,,4.5,172.0,9.86,,,85.0,Arm & Hammer,,B0F2GWKLVL (Arm & Hammer Odor Control No-Rinse Foam - Value Size - 16 oz),[],True,True,True,False,Grooming,52.0,B0F2GWKLVL,2026-01-30,,,,,
In Stock,ACTIVE,0.143,10.0,9.86,1.0,7.0,7.0,0.0,False,,4.5,172.0,9.86,,,78.0,Arm & Hammer,,B0F2GWKLVL (Arm & Hammer Odor Control No-Rinse Foam - Value Size - 16 oz),[],True,True,True,False,Grooming,53.0,B0F2GWKLVL,2026-01-29,,,,,
In Stock,ACTIVE,0.5,10.0,9.86,1.0,2.0,7.0,0.0,False,,4.5,172.0,9.86,,,112.0,Arm & Hammer,,B0F2GWKLVL (Arm & Hammer Odor Control No-Rinse Foam - Value Size - 16 oz),[],True,True,True,False,Grooming,54.0,B0F2GWKLVL,2026-01-28,,,,,
In Stock,ACTIVE,0.0,0.0,,0.0,3.0,7.0,0.0,False,,4.5,172.0,9.86,,,97.0,Arm & Hammer,,B0F2GWKLVL (Arm & Hammer Odor Control No-Rinse Foam - Value Size - 16 oz),[],True,True,True,False,Grooming,55.0,B0F2GWKLVL,2026-01-27,,,,,
In Stock,ACTIVE,0.0,,,,2.0,7.0,0.0,False,,4.5,168.0,9.88,,,71.0,Arm & Hammer,,B0F2GWKLVL (Arm & Hammer Odor Control No-Rinse Foam - Value Size - 16 oz),[],True,True,True,True,Grooming,60.0,B0F2GWKLVL,2026-01-17,,,,,
In Stock,ACTIVE,1.0,10.0,9.88,1.0,1.0,7.0,0.0,False,,4.5,168.0,9.88,,,77.0,Arm & Hammer,,B0F2GWKLVL (Arm & Hammer Odor Control No-Rinse Foam - Value Size - 16 oz),[],True,True,True,True,Grooming,60.0,B0F2GWKLVL,2026-01-16,,,,,
In Stock,ACTIVE,1.0,30.0,9.88,3.0,3.0,7.0,0.0,False,,4.5,167.0,9.88,,,66.0,Arm & Hammer,,B0F2GWKLVL (Arm & Hammer Odor Control No-Rinse Foam - Value Size - 16 oz),[],True,True,True,True,Grooming,63.0,B0F2GWKLVL,2026-01-15,,,,,
In Stock,ACTIVE,0.0,0.0,,0.0,3.0,7.0,0.0,False,,4.5,167.0,9.88,,,67.0,Arm & Hammer,,B0F2GWKLVL (Arm & Hammer Odor Control No-Rinse Foam - Value Size - 16 oz),[],True,True,True,True,Grooming,65.0,B0F2GWKLVL,2026-01-14,,,,,
In Stock,ACTIVE,0.167,10.0,9.98,1.0,6.0,7.0,0.0,False,,4.5,167.0,9.98,,,55.0,Arm & Hammer,,B0F2GWKLVL (Arm & Hammer Odor Control No-Rinse Foam - Value Size - 16 oz),[],True,True,True,True,Grooming,66.0,B0F2GWKLVL,2026-01-13,,,,,
In Stock,ACTIVE,0.0,,,,6.0,7.0,0.0,False,,4.5,167.0,9.98,,,46.0,Arm & Hammer,,B0F2GWKLVL (Arm & Hammer Odor Control No-Rinse Foam - Value Size - 16 oz),[],True,True,True,True,Grooming,67.0,B0F2GWKLVL,2026-01-11,,,,,
In Stock,ACTIVE,0.0,0.0,,0.0,8.0,7.0,0.0,False,,4.5,166.0,9.98,,,44.0,Arm & Hammer,,B0F2GWKLVL (Arm & Hammer Odor Control No-Rinse Foam - Value Size - 16 oz),[],True,True,True,True,Grooming,67.0,B0F2GWKLVL,2026-01-10,,,,,
In Stock,ACTIVE,0.0,,,,2.0,7.0,0.0,False,,4.5,166.0,10.01,,,44.0,Arm & Hammer,,B0F2GWKLVL (Arm & Hammer Odor Control No-Rinse Foam - Value Size - 16 oz),[],True,True,True,True,Grooming,67.0,B0F2GWKLVL,2026-01-09,,,,,
In Stock,ACTIVE,0.0,0.0,,0.0,3.0,8.0,0.0,False,,4.5,166.0,10.01,,,43.0,Arm & Hammer,,B0F2GWKLVL (Arm & Hammer Odor Control No-Rinse Foam - Value Size - 16 oz),[],True,True,True,True,Grooming,67.0,B0F2GWKLVL,2026-01-08,,,,,
In Stock,ACTIVE,0.25,10.0,10.01,1.0,4.0,8.0,0.0,False,,4.5,166.0,9.99,,,50.0,Arm & Hammer,,B0F2GWKLVL (Arm & Hammer Odor Control No-Rinse Foam - Value Size - 16 oz),[],True,True,True,True,Grooming,66.0,B0F2GWKLVL,2026-01-07,,,,,
In Stock,ACTIVE,,0.0,,0.0,,8.0,0.0,False,,4.5,166.0,9.91,,,41.0,Arm & Hammer,,B0F2GWKLVL (Arm & Hammer Odor Control No-Rinse Foam - Value Size - 16 oz),[],True,True,True,True,Grooming,67.0,B0F2GWKLVL,2026-01-06,,,,,
In Stock,ACTIVE,0.0,0.0,,0.0,2.0,8.0,0.0,False,,4.5,165.0,9.91,,,47.0,Arm & Hammer,,B0F2GWKLVL (Arm & Hammer Odor Control No-Rinse Foam - Value Size - 16 oz),[],True,True,True,True,Grooming,67.0,B0F2GWKLVL,2026-01-05,,,,,
In Stock,ACTIVE,0.0,0.0,,0.0,4.0,8.0,0.0,False,,4.5,165.0,9.91,,,44.0,Arm & Hammer,,B0F2GWKLVL (Arm & Hammer Odor Control No-Rinse Foam - Value Size - 16 oz),[],True,True,True,True,Grooming,68.0,B0F2GWKLVL,2026-01-04,,,,,
In Stock,ACTIVE,,0.0,,0.0,,8.0,0.0,False,,4.5,165.0,9.9,,,40.0,Arm & Hammer,,B0F2GWKLVL (Arm & Hammer Odor Control No-Rinse Foam - Value Size - 16 oz),[],True,True,True,True,Grooming,69.0,B0F2GWKLVL,2026-01-03,,,,,
In Stock,ACTIVE,1.0,20.0,9.9,2.0,2.0,8.0,0.0,False,,4.5,164.0,9.88,,,42.0,Arm & Hammer,,B0F2GWKLVL (Arm & Hammer Odor Control No-Rinse Foam - Value Size - 16 oz),[],True,True,True,True,Grooming,72.0,B0F2GWKLVL,2026-01-02,,,,,
In Stock,ACTIVE,0.6,30.0,9.88,3.0,5.0,8.0,0.0,False,,4.5,164.0,9.91,,,42.0,Arm & Hammer,,B0F2GWKLVL (Arm & Hammer Odor Control No-Rinse Foam - Value Size - 16 oz),[],True,False,True,True,Grooming,73.0,B0F2GWKLVL,2026-01-01,,,,,
In Stock,ACTIVE,0.0,,,,4.0,8.0,0.0,False,,4.5,163.0,9.9,,,43.0,Arm & Hammer,,B0F2GWKLVL (Arm & Hammer Odor Control No-Rinse Foam - Value Size - 16 oz),[],True,False,True,False,Grooming,74.0,B0F2GWKLVL,2025-12-31,,,,,
In Stock,ACTIVE,0.0,0.0,,0.0,1.0,8.0,0.0,False,,4.5,163.0,9.9,,,51.0,Arm & Hammer,,B0F2GWKLVL (Arm & Hammer Odor Control No-Rinse Foam - Value Size - 16 oz),[],True,True,True,False,Grooming,74.0,B0F2GWKLVL,2025-12-30,,,,,
In Stock,ACTIVE,0.0,0.0,,0.0,8.0,8.0,0.0,False,,4.5,162.0,9.87,,,48.0,Arm & Hammer,,B0F2GWKLVL (Arm & Hammer Odor Control No-Rinse Foam - Value Size - 16 oz),[],True,True,True,False,Grooming,63.0,B0F2GWKLVL,2025-12-28,,,,,
In Stock,ACTIVE,0.2,10.0,9.87,1.0,5.0,8.0,0.0,False,,4.5,162.0,9.83,,,55.0,Arm & Hammer,,B0F2GWKLVL (Arm & Hammer Odor Control No-Rinse Foam - Value Size - 16 oz),[],True,True,True,False,Grooming,64.0,B0F2GWKLVL,2025-12-27,,,,,
In Stock,ACTIVE,0.25,10.0,9.83,1.0,4.0,8.0,0.0,False,,4.5,162.0,9.83,,,46.0,Arm & Hammer,,B0F2GWKLVL (Arm & Hammer Odor Control No-Rinse Foam - Value Size - 16 oz),[],True,True,True,False,Grooming,65.0,B0F2GWKLVL,2025-12-26,,,,,
In Stock,ACTIVE,0.0,,,,1.0,8.0,0.0,False,,4.5,162.0,9.83,,,41.0,Arm & Hammer,,B0F2GWKLVL (Arm & Hammer Odor Control No-Rinse Foam - Value Size - 16 oz),[],True,True,True,False,Grooming,71.0,B0F2GWKLVL,2025-12-25,,,,,
In Stock,ACTIVE,0.25,10.0,9.83,1.0,4.0,8.0,0.0,False,,4.5,162.0,9.79,,,44.0,Arm & Hammer,,B0F2GWKLVL (Arm & Hammer Odor Control No-Rinse Foam - Value Size - 16 oz),[],True,True,True,False,Grooming,71.0,B0F2GWKLVL,2025-12-24,,,,,
In Stock,ACTIVE,,,,,0.0,8.0,0.0,False,,4.5,158.0,9.69,,,42.0,Arm & Hammer,,B0F2GWKLVL (Arm & Hammer Odor Control No-Rinse Foam - Value Size - 16 oz),[],True,True,True,False,Grooming,34.0,B0F2GWKLVL,2025-12-13,,,,,
In Stock,ACTIVE,0.2,10.0,9.72,1.0,5.0,8.0,0.0,False,,4.5,145.0,8.63,,,41.0,Arm & Hammer,,B0F2GWKLVL (Arm & Hammer Odor Control No-Rinse Foam - Value Size - 16 oz),[],True,True,True,False,Grooming,2.0,B0F2GWKLVL,2025-11-15,0.0,0.0,0.0,0.0,0.0
In Stock,ACTIVE,,9.0,8.83,1.0,,8.0,0.0,False,,4.5,144.0,8.83,,,44.0,Arm & Hammer,,B0F2GWKLVL (Arm & Hammer Odor Control No-Rinse Foam - Value Size - 16 oz),[],True,True,True,False,Grooming,5.0,B0F2GWKLVL,2025-11-14,,,,,
Short Term OOS,ACTIVE,0.211,28.0,6.99,4.0,19.0,7.0,0.0,False,,4.5,204.0,,,,2.0,Arm & Hammer,,B0F2GWKLVL (Arm & Hammer Odor Control No-Rinse Foam - Value Size - 16 oz),[],False,False,True,True,Grooming,163.0,B0F2GWKLVL,2026-05-08,,,,,
